// Jest Snapshot v1, https://goo.gl/fbAQLP

exports[`Home Component Snapshot 1`] = `
<section
  className="sc-eCImPb hmAVXe"
>
  <h1
    className="a11y-hidden"
  >
    전체 게시글 목록
  </h1>
  <div
    className="sc-jRQBWg fcMuTp"
  >
    <h1>
      게시글이 없습니다.
    </h1>
  </div>
</section>
`;
