// Jest Snapshot v1, https://goo.gl/fbAQLP

exports[`SearchResult Snapshot 1`] = `
<ul
  aria-labelledby="search_result"
  className="sc-gsDKAQ zvsYr"
>
  <li
    aria-labelledby="news_title_0"
    className="sc-bdvvtL rSfIV"
  >
    <h2
      id="news_title_0"
    >
      title1
    </h2>
    <time
      dateTime="2021-12-14"
    >
      2021-12-14
    </time>
    <p>
      testtest
    </p>
  </li>
  <li
    aria-labelledby="news_title_1"
    className="sc-bdvvtL rSfIV"
  >
    <h2
      id="news_title_1"
    >
      title2
    </h2>
    <time
      dateTime="2021-12-15"
    >
      2021-12-15
    </time>
    <p>
      testtesttest
    </p>
  </li>
</ul>
`;
