// Jest Snapshot v1, https://goo.gl/fbAQLP

exports[`RecentKeywords Snapshot 1`] = `
<ul
  className="sc-bdvvtL ktEXkV"
>
  <li
    onClick={[Function]}
  >
    korea
  </li>
  <li
    onClick={[Function]}
  >
    seoul
  </li>
</ul>
`;
