// Jest Snapshot v1, https://goo.gl/fbAQLP

exports[`Result Snapshot 1`] = `
<section
  className="sc-hKwDye hOYbwV"
>
  <h1
    id="search_result"
  >
    Search results for 
    korea
    .
  </h1>
  <ul
    aria-labelledby="search_result"
    className="sc-gsDKAQ zvsYr"
  />
  <div
    className="sc-eCImPb fgkKjW"
  >
    <button
      onClick={[Function]}
      type="button"
    >
      prev
    </button>
    <p
      data-testid="current_page"
    >
      1
    </p>
    <button
      onClick={[Function]}
      type="button"
    >
      next
    </button>
  </div>
</section>
`;
