// Jest Snapshot v1, https://goo.gl/fbAQLP

exports[`SearchItem Snapshot 1`] = `
<li
  aria-labelledby="news_title_1"
  className="sc-bdvvtL rSfIV"
>
  <h2
    id="news_title_1"
  >
    title
  </h2>
  <time
    dateTime="2021-12-14"
  >
    2021-12-14
  </time>
  <p>
    testtest
  </p>
</li>
`;
